error: expected fn item
 --> $DIR/02-not-function:4:1
  |
4 | struct A(i32);
  | ^^^^^^^^^^^^^^
